Program(decls=[Class(public=true,name="Box",tparams=["T"],fields=[Field(public=true,sigil="$",name="value",type=Some(Type(name="T",args=[]))),Field(public=false,sigil="@",name="items",type=Some(Type(name="List",args=[Type(name="Str",args=[])])))],subs=[]),Sub(public=false,name="main",params=[],ret=Some(Type(name="Int",args=[])),body=BlockBody(stmts=[Bind(mut=false,name="$box",type=None,value=Call(callee=TypeName(value="Box"),args=[NamedArg(name="value",value=Int(text="7")),NamedArg(name="items",value=List(items=[Str(value="x")]))])),Expr(value=Field(object=Name(value="$box"),name="value"))]))])
