Program(decls=[Sub(public=false,name="describe",params=[Param(name="$opt",type=Some(Type(name="Option",args=[Type(name="Int",args=[])])))],ret=Some(Type(name="Str",args=[])),body=BlockBody(stmts=[Expr(value=Match(subject=Name(value="$opt"),arms=[Arm(pattern=PVariant(name="Some",args=[PBind(name="$n")]),guard=Some(Binary(op=">",left=Name(value="$n"),right=Int(text="0"))),body=Block(stmts=[Expr(value=Str(value="pos"))])),Arm(pattern=PVariant(name="Some",args=[PBind(name="$n")]),guard=None,body=Block(stmts=[Expr(value=Str(value="other"))])),Arm(pattern=PWild,guard=None,body=Block(stmts=[Expr(value=Str(value="none"))]))]))]))])
