Program(decls=[Sub(public=false,name="parse_age",params=[Param(name="$s",type=Some(Type(name="Str",args=[])))],ret=Some(Type(name="Result",args=[Type(name="Int",args=[]),Type(name="Str",args=[])])),body=BlockBody(stmts=[Bind(mut=false,name="$n",type=None,value=Question(expr=Call(callee=Name(value="parse_int"),args=[Name(value="$s")]))),Expr(value=Call(callee=TypeName(value="Ok"),args=[Name(value="$n")]))]))])
