Program(decls=[Sub(public=false,name="main",params=[],ret=Some(Type(name="Int",args=[])),body=BlockBody(stmts=[Bind(mut=false,name="$scale",type=None,value=Lambda(topic=false,params=[Param(name="$x",type=Some(Type(name="Int",args=[])))],ret=Some(Type(name="Int",args=[])),body=Block(stmts=[Expr(value=Binary(op="*",left=Name(value="$x"),right=Int(text="2")))]))),Expr(value=Call(callee=Field(object=Name(value="@nums"),name="map"),args=[Lambda(topic=true,params=[Param(name="$_",type=None)],ret=None,body=Block(stmts=[Expr(value=Binary(op="+",left=Name(value="$_"),right=Int(text="1")))]))])),Expr(value=Int(text="0"))]))])
