Program(decls=[Sub(public=false,name="main",params=[],ret=Some(Type(name="Int",args=[])),body=BlockBody(stmts=[Expr(value=If(cond=Binary(op="~~",left=Str(value="7"),right=Regex(pattern="(?a)[0-9]")),then=Block(stmts=[Expr(value=Int(text="1"))]),elifs=[],else=Some(Block(stmts=[Expr(value=Int(text="0"))]))))]))])
