Program(decls=[Sub(public=false,name="main",params=[],ret=Some(Type(name="Int",args=[])),body=BlockBody(stmts=[Bind(mut=true,name="$sum",type=None,value=Int(text="0")),For(vars=["$x"],iter=List(items=[Int(text="1"),Int(text="2"),Int(text="3")]),body=Block(stmts=[Bind(mut=false,name="$sum",type=None,value=Binary(op="+",left=Name(value="$sum"),right=Name(value="$x")))])),Bind(mut=false,name="%ages",type=None,value=Map(entries=[Entry(key=Str(value="ada"),value=Int(text="30"))])),For(vars=["$name","$age"],iter=Name(value="%ages"),body=Block(stmts=[Expr(value=Call(callee=Name(value="print"),args=[Name(value="$name")]))])),Expr(value=Int(text="0"))]))])
