Program(decls=[Sub(public=false,name="launch",params=[Param(name="$msg",type=Some(Type(name="Str",args=[])))],ret=Some(Type(name="Unit",args=[])),body=BlockBody(stmts=[Hatch(body=Block(stmts=[Expr(value=Call(callee=Name(value="print"),args=[Name(value="$msg")])),Hatch(body=Block(stmts=[Expr(value=Call(callee=Name(value="note"),args=[Str(value="nested")]))]))])),Expr(value=Unit)]))])
