Program(decls=[Sub(public=false,name="choose",params=[Param(name="$in",type=Some(Type(name="Chan",args=[Type(name="Int",args=[])]))),Param(name="$out",type=Some(Type(name="Chan",args=[Type(name="Int",args=[])])))],ret=Some(Type(name="Unit",args=[])),body=BlockBody(stmts=[Select(arms=[SelectArm(bind=Some("$v"),op=Call(callee=Field(object=Name(value="$in"),name="recv"),args=[]),body=Block(stmts=[Select(arms=[SelectArm(bind=None,op=Call(callee=Field(object=Name(value="$out"),name="send"),args=[Int(text="1")]),body=Block(stmts=[Expr(value=Call(callee=Name(value="print"),args=[Name(value="$v")]))]))],else=None)])),SelectArm(bind=Some("$r"),op=Call(callee=Field(object=Name(value="$out"),name="send"),args=[Int(text="2")]),body=Block(stmts=[Expr(value=Call(callee=Name(value="print"),args=[Name(value="$r")]))]))],else=Some(Block(stmts=[Expr(value=Call(callee=Name(value="print"),args=[Str(value="idle")]))]))),Expr(value=Unit)]))])
