Program(decls=[Sub(public=false,name="first",tparams=["T"],params=[Param(name="@xs",type=Some(Type(name="List",args=[Type(name="T",args=[])])))],ret=Some(Type(name="Option",args=[Type(name="T",args=[])])),body=BlockBody(stmts=[Expr(value=If(cond=Call(callee=Field(object=Name(value="@xs"),name="is_empty"),args=[]),then=Block(stmts=[Expr(value=TypeName(value="None"))]),elifs=[],else=Some(Block(stmts=[Expr(value=Call(callee=TypeName(value="Some"),args=[Index(object=Name(value="@xs"),index=Int(text="0"))]))]))))])),Class(public=false,name="Box",tparams=["T"],fields=[Field(public=true,sigil="$",name="value",type=Some(Type(name="T",args=[])))],subs=[Sub(public=false,name="wrap",params=[Param(name="$v",type=Some(Type(name="T",args=[])))],ret=Some(Type(name="Box",args=[Type(name="T",args=[])])),body=ExprBody(expr=Call(callee=TypeName(value="Box"),args=[NamedArg(name="value",value=Name(value="$v"))])))])])
