Program(decls=[Sub(public=false,name="count_up",params=[Param(name="$n",type=Some(Type(name="Int",args=[])))],ret=Some(Type(name="Int",args=[])),body=BlockBody(stmts=[Bind(mut=true,name="$i",type=None,value=Int(text="0")),While(cond=Binary(op="<",left=Name(value="$i"),right=Name(value="$n")),body=Block(stmts=[Bind(mut=false,name="$i",type=None,value=Binary(op="+",left=Name(value="$i"),right=Int(text="1")))])),Expr(value=Name(value="$i"))]))])
